[www.rtsautoparts.com/index.html]
[backblue.gif]
[fade.gif]
[index.html]
[cdn.ampproject.org/v0.js]
[cdn.ampproject.org/v0/amp-sidebar-0.1.js]
[firebasestorage.googleapis.com/v0/b/rtsautoparts-web.appspot.com/o/assets/logos/rts-fav68cf.png]
[firebasestorage.googleapis.com/v0/b/rtsautoparts-web.appspot.com/o/assets/logos/rts_logo_180x18068cf.jpg]
[firebasestorage.googleapis.com/v0/b/rtsautoparts-web.appspot.com/o/assets/logos/rts_logo_57x5768cf.jpg]
[firebasestorage.googleapis.com/v0/b/rtsautoparts-web.appspot.com/o/assets/logos/rts_logo_72x7268cf.jpg]
[firebasestorage.googleapis.com/v0/b/rtsautoparts-web.appspot.com/o/assets/logos/rts_logo_76x7668cf.jpg]
[firebasestorage.googleapis.com/v0/b/rtsautoparts-web.appspot.com/o/assets/logos/rts_logo_114x11468cf.jpg]
[firebasestorage.googleapis.com/v0/b/rtsautoparts-web.appspot.com/o/assets/logos/rts_logo_120x12068cf.jpg]
[firebasestorage.googleapis.com/v0/b/rtsautoparts-web.appspot.com/o/assets/logos/rts_logo_144x14468cf.jpg]
[firebasestorage.googleapis.com/v0/b/rtsautoparts-web.appspot.com/o/assets/logos/rts_logo_152x15268cf.jpg]
[www.rtsautoparts.com/app.js]
[www.rtsautoparts.com/manifest.json]
[connect.facebook.net/en_US/fbevents.js]
[firebasestorage.googleapis.com/v0/b/rtsautoparts-web.appspot.com/o/assets/hero/rts-cover-168cf.png]
[firebasestorage.googleapis.com/v0/b/rtsautoparts-web.appspot.com/o/assets/logos/rts-autoparts-logo68cf.png]
[www.rtsautoparts.com/track-my-order.html]
[www.rtsautoparts.com/engines.html]
[www.rtsautoparts.com/transmission.html]
[www.rtsautoparts.com/parts-list.html]
[www.rtsautoparts.com/policies.html]
[www.rtsautoparts.com/submit-a-ticket.html]
[www.rtsautoparts.com/testimonials.html]
[www.rtsautoparts.com/about.html]
[www.rtsautoparts.com/contact.html]
[firebasestorage.googleapis.com/v0/b/rtsautoparts-web.appspot.com/o/assets/hero/rts-cover-new-1168cf.png]
[firebasestorage.googleapis.com/v0/b/rtsautoparts-web.appspot.com/o/assets/parts/used-engine-image-268cf.png]
[firebasestorage.googleapis.com/v0/b/rtsautoparts-web.appspot.com/o/assets/parts/product-transmission68cf.jpg]
[www.rtsautoparts.com/rts-promo-image.png]
[www.rtsautoparts.com/oem-auto-partse02e.html]
[www.rtsautoparts.com/audi.html]
[www.rtsautoparts.com/bmw.html]
[www.rtsautoparts.com/dodge.html]
[www.rtsautoparts.com/ford.html]
[www.rtsautoparts.com/hyundai.html]
[www.rtsautoparts.com/jeep.html]
[www.rtsautoparts.com/mercedez]
[www.rtsautoparts.com/scion.html]
[www.rtsautoparts.com/subaru.html]
[www.rtsautoparts.com/oem-auto-parts3fdc.html]
[www.rtsautoparts.com/oem-auto-partsd08b.html]
[www.rtsautoparts.com/oem-auto-parts7fd5.html]
[www.rtsautoparts.com/oem-auto-partsfe6b.html]
[www.rtsautoparts.com/oem-auto-parts7951.html]
[www.rtsautoparts.com/oem-auto-parts.html]
[firebasestorage.googleapis.com/v0/b/rtsautoparts-web.appspot.com/o/assets/parts/product-engine-268cf.jpg]
[firebasestorage.googleapis.com/v0/b/rtsautoparts-web.appspot.com/o/assets/parts/product-headlights-168cf.jpg]
[firebasestorage.googleapis.com/v0/b/rtsautoparts-web.appspot.com/o/assets/parts/product-exhaust-manifold68cf.jpg]
[firebasestorage.googleapis.com/v0/b/rtsautoparts-web.appspot.com/o/assets/parts/product-suspension68cf.jpg]
[firebasestorage.googleapis.com/v0/b/rtsautoparts-web.appspot.com/o/assets/parts/product-cylinder-head-268cf.jpg]
[firebasestorage.googleapis.com/v0/b/rtsautoparts-web.appspot.com/o/assets/parts/product-abs-268cf.jpg]
[firebasestorage.googleapis.com/v0/b/rtsautoparts-web.appspot.com/o/assets/parts/product-engine-cradle-268cf.jpg]
[firebasestorage.googleapis.com/v0/b/rtsautoparts-web.appspot.com/o/assets/parts/product-wheels-tires68cf.jpg]
[firebasestorage.googleapis.com/v0/b/rtsautoparts-web.appspot.com/o/assets/other/rts-google-review-logo68cf.png]
[cdn.jsdelivr.net/npm/vue@2.6.14/dist/vue.js]
[cdn.jsdelivr.net/gh/SSENSE/vue-carousel@6823411d/dist/vue-carousel.min.js]
[www.gstatic.com/firebasejs/7.24.0/firebase-app.js]
[www.gstatic.com/firebasejs/7.24.0/firebase-firestore.js]
[www.rtsautoparts.com/url_string.3b.delayed]
[www.rtsautoparts.com/index.html]
[www.rtsautoparts.com/c]
[www.rtsautoparts.com/b]
[www.rtsautoparts.com/POST]
[connect.facebook.net/en_US/fbevents.js]
[use.fontawesome.com/releases/v5.7.2/css/all.css]
[www.rtsautoparts.com/GET]
[ajax.googleapis.com/ajax/libs/jquery/3.5.1/jquery.min.js]
[www.rtsautoparts.com/track-my-order.html]
[firebasestorage.googleapis.com/v0/b/rtsautoparts-web.appspot.com/o/assets/other/portrait-form-background68cf.jpg]
[firebasestorage.googleapis.com/v0/b/rtsautoparts-web.appspot.com/o/assets/other/used-engine-image-268cf.png]
[www.rtsautoparts.com/engines.html]
[cdn.ampproject.org/v0/amp-carousel-0.1.js]
[firebasestorage.googleapis.com/v0/b/rtsautoparts-web.appspot.com/o/assets/other/used-transmission-image-368cf.png]
[www.rtsautoparts.com/transmission.html]
[www.rtsautoparts.com/parts-list.html]
[www.rtsautoparts.com/policies.html]
[www.rtsautoparts.com/submit-a-ticket.html]
[www.rtsautoparts.com/testimonials.html]
[cdnjs.cloudflare.com/ajax/libs/font-awesome/4.7.0/css/font-awesome.min.css]
[firebasestorage.googleapis.com/v0/b/rtsautoparts-web.appspot.com/o/assets/other/about-cover68cf.jpg]
[firebasestorage.googleapis.com/v0/b/rtsautoparts-web.appspot.com/o/assets/other/about-cover-portrait68cf.jpg]
[www.rtsautoparts.com/about.html]
[firebasestorage.googleapis.com/v0/b/rtsautoparts-web.appspot.com/o/assets/other/contact-us-cover68cf.jpg]
[www.rtsautoparts.com/contact.html]
[firebasestorage.googleapis.com/v0/b/rtsautoparts-web.appspot.com/o/assets/brands/acura-brand-logo68cf.png]
[firebasestorage.googleapis.com/v0/b/rtsautoparts-web.appspot.com/o/assets/brands/alfa-romeo-brand-logo68cf.png]
[firebasestorage.googleapis.com/v0/b/rtsautoparts-web.appspot.com/o/assets/brands/buick-brand-logo68cf.png]
[firebasestorage.googleapis.com/v0/b/rtsautoparts-web.appspot.com/o/assets/brands/cadillac-brand-logo68cf.png]
[firebasestorage.googleapis.com/v0/b/rtsautoparts-web.appspot.com/o/assets/brands/chevrolet-brand-logo68cf.png]
[firebasestorage.googleapis.com/v0/b/rtsautoparts-web.appspot.com/o/assets/brands/chrysler-brand-logo68cf.png]
[firebasestorage.googleapis.com/v0/b/rtsautoparts-web.appspot.com/o/assets/brands/corvette-brand-logo68cf.png]
[firebasestorage.googleapis.com/v0/b/rtsautoparts-web.appspot.com/o/assets/brands/fiat-brand-logo68cf.png]
[firebasestorage.googleapis.com/v0/b/rtsautoparts-web.appspot.com/o/assets/brands/genesis-brand-logo68cf.png]
[firebasestorage.googleapis.com/v0/b/rtsautoparts-web.appspot.com/o/assets/brands/honda-brand-logo68cf.png]
[firebasestorage.googleapis.com/v0/b/rtsautoparts-web.appspot.com/o/assets/brands/infiniti-brand-logo68cf.png]
[firebasestorage.googleapis.com/v0/b/rtsautoparts-web.appspot.com/o/assets/brands/jaguar-brand-logo68cf.png]
[firebasestorage.googleapis.com/v0/b/rtsautoparts-web.appspot.com/o/assets/brands/kia-brand-logo68cf.png]
[firebasestorage.googleapis.com/v0/b/rtsautoparts-web.appspot.com/o/assets/brands/land-rover-brand-logo68cf.png]
[firebasestorage.googleapis.com/v0/b/rtsautoparts-web.appspot.com/o/assets/brands/lexus-brand-logo68cf.png]
[firebasestorage.googleapis.com/v0/b/rtsautoparts-web.appspot.com/o/assets/brands/mazda-brand-logo68cf.png]
[firebasestorage.googleapis.com/v0/b/rtsautoparts-web.appspot.com/o/assets/brands/nissan-brand-logo68cf.png]
[firebasestorage.googleapis.com/v0/b/rtsautoparts-web.appspot.com/o/assets/brands/opel-brand-logo68cf.png]
[firebasestorage.googleapis.com/v0/b/rtsautoparts-web.appspot.com/o/assets/brands/volkswagen-brand-logo68cf.png]
[firebasestorage.googleapis.com/v0/b/rtsautoparts-web.appspot.com/o/assets/brands/volvo-brand-logo68cf.png]
[firebasestorage.googleapis.com/v0/b/rtsautoparts-web.appspot.com/o/assets/other/oem-auto-parts-image-168cf.png]
[www.rtsautoparts.com/oem-auto-partse02e.html]
[firebasestorage.googleapis.com/v0/b/rtsautoparts-web.appspot.com/o/assets/brands/audi-brand-logo68cf.png]
[firebasestorage.googleapis.com/v0/b/rtsautoparts-web.appspot.com/o/assets/parts/product-engine68cf.jpg]
[firebasestorage.googleapis.com/v0/b/rtsautoparts-web.appspot.com/o/assets/parts/product-transfer-case68cf.jpg]
[firebasestorage.googleapis.com/v0/b/rtsautoparts-web.appspot.com/o/assets/parts/product-rear-axle68cf.jpg]
[firebasestorage.googleapis.com/v0/b/rtsautoparts-web.appspot.com/o/assets/parts/product-abs68cf.jpg]
[firebasestorage.googleapis.com/v0/b/rtsautoparts-web.appspot.com/o/assets/parts/product-drive-shaft68cf.jpg]
[firebasestorage.googleapis.com/v0/b/rtsautoparts-web.appspot.com/o/assets/parts/product-temperature-control-unit68cf.jpg]
[firebasestorage.googleapis.com/v0/b/rtsautoparts-web.appspot.com/o/assets/parts/product-cylinder-head68cf.jpg]
[firebasestorage.googleapis.com/v0/b/rtsautoparts-web.appspot.com/o/assets/parts/product-steering-column68cf.jpg]
[firebasestorage.googleapis.com/v0/b/rtsautoparts-web.appspot.com/o/assets/parts/product-engine-cradle68cf.jpg]
[firebasestorage.googleapis.com/v0/b/rtsautoparts-web.appspot.com/o/assets/categories/categories-lighting68cf.jpg]
[firebasestorage.googleapis.com/v0/b/rtsautoparts-web.appspot.com/o/assets/categories/categories-suspension-parts68cf.jpg]
[firebasestorage.googleapis.com/v0/b/rtsautoparts-web.appspot.com/o/assets/categories/categories-wheels-and-tires68cf.jpg]
[firebasestorage.googleapis.com/v0/b/rtsautoparts-web.appspot.com/o/assets/parts/product-module68cf.jpg]
[firebasestorage.googleapis.com/v0/b/rtsautoparts-web.appspot.com/o/assets/parts/product-radio68cf.jpg]
[www.rtsautoparts.com/audi.html]
[firebasestorage.googleapis.com/v0/b/rtsautoparts-web.appspot.com/o/assets/brands/bmw-brand-logo68cf.png]
[www.rtsautoparts.com/bmw.html]
[firebasestorage.googleapis.com/v0/b/rtsautoparts-web.appspot.com/o/assets/brands/dodge-brand-logo68cf.png]
[www.rtsautoparts.com/dodge.html]
[firebasestorage.googleapis.com/v0/b/rtsautoparts-web.appspot.com/o/assets/brands/ford-brand-logo68cf.png]
[www.rtsautoparts.com/ford.html]
[firebasestorage.googleapis.com/v0/b/rtsautoparts-web.appspot.com/o/assets/brands/hyundai-brand-logo68cf.png]
[www.rtsautoparts.com/hyundai.html]
[firebasestorage.googleapis.com/v0/b/rtsautoparts-web.appspot.com/o/assets/brands/jeep-brand-logo68cf.png]
[www.rtsautoparts.com/jeep.html]
[www.rtsautoparts.com/mercedez.html]
[firebasestorage.googleapis.com/v0/b/rtsautoparts-web.appspot.com/o/assets/brands/scion-brand-logo68cf.png]
[www.rtsautoparts.com/scion.html]
[firebasestorage.googleapis.com/v0/b/rtsautoparts-web.appspot.com/o/assets/brands/subaru-brand-logo68cf.png]
[www.rtsautoparts.com/subaru.html]
[www.rtsautoparts.com/oem-auto-parts3fdc.html]
[www.rtsautoparts.com/oem-auto-partsd08b.html]
[www.rtsautoparts.com/oem-auto-parts7fd5.html]
[www.rtsautoparts.com/oem-auto-partsfe6b.html]
[www.rtsautoparts.com/oem-auto-parts7951.html]
[www.rtsautoparts.com/oem-auto-parts.html]
[www.rtsautoparts.com/url_string.html]
[seal-boston.bbb.org/v3/seals/blue-seal-160-82-bbb-513301.html]
[www.rtsautoparts.com/c.html]
[www.rtsautoparts.com/b.html]
[www.rtsautoparts.com/POST.html]
[use.fontawesome.com/releases/v5.7.2/css/all.css]
[www.rtsautoparts.com/GET.html]
[cdnjs.cloudflare.com/ajax/libs/font-awesome/4.7.0/css/font-awesome.min.css]
